0 verbose cli /data/data/com.termux/files/usr/bin/node /data/data/com.termux/files/usr/bin/npm
1 info using npm@11.17.0
2 info using node@v26.3.1
3 silly config load:file:/data/data/com.termux/files/usr/lib/node_modules/npm/npmrc
4 silly config load:file:/data/data/com.termux/files/home/.npmrc
5 silly config load:file:/data/data/com.termux/files/usr/etc/npmrc
6 verbose title npm install express axios cors
7 verbose argv "install" "express" "axios" "cors"
8 verbose logfile logs-max:10 dir:/data/data/com.termux/files/home/.npm/_logs/2026-10-02T19_08_36_405Z-
9 verbose logfile /data/data/com.termux/files/home/.npm/_logs/2026-10-02T19_08_36_405Z-debug-0.log
10 silly logfile done cleaning log files
11 silly allow-scripts no package.json at prefix Could not read package.json: Error: ENOENT: no such file or directory, open '/data/data/com.termux/files/home/package.json'
12 silly packumentCache heap:1084227584 maxSize:271056896 maxEntrySize:135528448
13 silly idealTree buildDeps
14 silly fetch manifest express@*
15 silly packumentCache full:https://registry.npmjs.org/express cache-miss
16 http fetch GET 200 https://registry.npmjs.org/express 892ms (cache miss)
17 silly packumentCache full:https://registry.npmjs.org/express set size:undefined disposed:false
18 silly fetch manifest axios@*
19 silly packumentCache full:https://registry.npmjs.org/axios cache-miss
20 http fetch GET 200 https://registry.npmjs.org/npm 1449ms
21 http fetch GET 200 https://registry.npmjs.org/axios 449ms (cache revalidated)
22 silly packumentCache full:https://registry.npmjs.org/axios set size:793903 disposed:false
23 silly fetch manifest cors@*
24 silly packumentCache full:https://registry.npmjs.org/cors cache-miss
25 http fetch GET 200 https://registry.npmjs.org/cors 185ms (cache miss)
26 silly packumentCache full:https://registry.npmjs.org/cors set size:undefined disposed:false
27 silly placeDep ROOT axios@1.20.0 OK for:  want: *
28 silly placeDep ROOT cors@2.8.6 OK for:  want: *
29 silly placeDep ROOT express@5.2.1 OK for:  want: *
30 silly fetch manifest form-data@^4.0.6
31 silly packumentCache full:https://registry.npmjs.org/form-data cache-miss
32 silly fetch manifest proxy-from-env@^2.1.0
33 silly packumentCache full:https://registry.npmjs.org/proxy-from-env cache-miss
34 silly fetch manifest follow-redirects@^1.16.0
35 silly packumentCache full:https://registry.npmjs.org/follow-redirects cache-miss
36 silly fetch manifest https-proxy-agent@^5.0.1
37 silly packumentCache full:https://registry.npmjs.org/https-proxy-agent cache-miss
38 silly fetch manifest object-assign@^4
39 silly packumentCache full:https://registry.npmjs.org/object-assign cache-miss
40 silly fetch manifest vary@^1
41 silly packumentCache full:https://registry.npmjs.org/vary cache-miss
42 silly fetch manifest qs@^6.14.0
43 silly packumentCache full:https://registry.npmjs.org/qs cache-miss
44 http fetch GET 200 https://registry.npmjs.org/object-assign 211ms (cache miss)
45 silly packumentCache full:https://registry.npmjs.org/object-assign set size:undefined disposed:false
46 silly fetch manifest depd@^2.0.0
47 silly packumentCache full:https://registry.npmjs.org/depd cache-miss
48 http fetch GET 200 https://registry.npmjs.org/vary 238ms (cache miss)
49 silly packumentCache full:https://registry.npmjs.org/vary set size:undefined disposed:false
50 silly fetch manifest etag@^1.8.1
51 silly packumentCache full:https://registry.npmjs.org/etag cache-miss
52 http fetch GET 200 https://registry.npmjs.org/depd 444ms (cache miss)
53 silly packumentCache full:https://registry.npmjs.org/depd set size:undefined disposed:false
54 silly fetch manifest once@^1.4.0
55 silly packumentCache full:https://registry.npmjs.org/once cache-miss
56 http fetch GET 200 https://registry.npmjs.org/etag 433ms (cache miss)
57 silly packumentCache full:https://registry.npmjs.org/etag set size:undefined disposed:false
58 silly fetch manifest send@^1.1.0
59 silly packumentCache full:https://registry.npmjs.org/send cache-miss
60 http fetch GET 200 https://registry.npmjs.org/once 180ms (cache revalidated)
61 silly packumentCache full:https://registry.npmjs.org/once set size:11752 disposed:false
62 silly fetch manifest vary@^1.1.2
63 silly packumentCache full:https://registry.npmjs.org/vary cache-miss
64 http fetch GET 200 https://registry.npmjs.org/form-data 939ms (cache revalidated)
65 silly packumentCache full:https://registry.npmjs.org/form-data set size:153174 disposed:false
66 silly fetch manifest debug@^4.4.0
67 silly packumentCache full:https://registry.npmjs.org/debug cache-miss
68 http fetch GET 200 https://registry.npmjs.org/https-proxy-agent 968ms (cache revalidated)
69 silly packumentCache full:https://registry.npmjs.org/https-proxy-agent set size:83792 disposed:false
70 silly fetch manifest fresh@^2.0.0
71 silly packumentCache full:https://registry.npmjs.org/fresh cache-miss
72 http cache https://registry.npmjs.org/vary 137ms (cache hit)
73 silly packumentCache full:https://registry.npmjs.org/vary set size:15994 disposed:false
74 silly fetch manifest cookie@^0.7.1
75 silly packumentCache full:https://registry.npmjs.org/cookie cache-miss
76 http fetch GET 200 https://registry.npmjs.org/send 326ms (cache miss)
77 silly packumentCache full:https://registry.npmjs.org/send set size:undefined disposed:false
78 silly fetch manifest router@^2.2.0
79 silly packumentCache full:https://registry.npmjs.org/router cache-miss
80 http fetch GET 200 https://registry.npmjs.org/proxy-from-env 1060ms (cache revalidated)
81 silly packumentCache full:https://registry.npmjs.org/proxy-from-env set size:21422 disposed:false
82 silly fetch manifest accepts@^2.0.0
83 silly packumentCache full:https://registry.npmjs.org/accepts cache-miss
84 http fetch GET 200 https://registry.npmjs.org/follow-redirects 1110ms (cache updated)
85 silly packumentCache full:https://registry.npmjs.org/follow-redirects set size:undefined disposed:false
86 silly fetch manifest type-is@^2.0.1
87 silly packumentCache full:https://registry.npmjs.org/type-is cache-miss
88 http fetch GET 200 https://registry.npmjs.org/qs 1125ms (cache miss)
89 silly packumentCache full:https://registry.npmjs.org/qs set size:undefined disposed:false
90 silly fetch manifest parseurl@^1.3.3
91 silly packumentCache full:https://registry.npmjs.org/parseurl cache-miss
92 http fetch GET 200 https://registry.npmjs.org/cookie 192ms (cache miss)
93 silly packumentCache full:https://registry.npmjs.org/cookie set size:undefined disposed:false
94 silly fetch manifest statuses@^2.0.1
95 silly packumentCache full:https://registry.npmjs.org/statuses cache-miss
96 http fetch GET 200 https://registry.npmjs.org/debug 324ms (cache revalidated)
97 silly packumentCache full:https://registry.npmjs.org/debug set size:195840 disposed:false
98 silly fetch manifest encodeurl@^2.0.0
99 silly packumentCache full:https://registry.npmjs.org/encodeurl cache-miss
100 http fetch GET 200 https://registry.npmjs.org/router 276ms (cache miss)
101 silly packumentCache full:https://registry.npmjs.org/router set size:undefined disposed:false
102 silly fetch manifest mime-types@^3.0.0
103 silly packumentCache full:https://registry.npmjs.org/mime-types cache-miss
104 http fetch GET 200 https://registry.npmjs.org/accepts 300ms (cache miss)
105 silly packumentCache full:https://registry.npmjs.org/accepts set size:undefined disposed:false
106 silly fetch manifest proxy-addr@^2.0.7
107 silly packumentCache full:https://registry.npmjs.org/proxy-addr cache-miss
108 http fetch GET 200 https://registry.npmjs.org/type-is 278ms (cache miss)
109 silly packumentCache full:https://registry.npmjs.org/type-is set size:undefined disposed:false
110 silly fetch manifest body-parser@^2.2.1
111 silly packumentCache full:https://registry.npmjs.org/body-parser cache-miss
112 http fetch GET 200 https://registry.npmjs.org/parseurl 249ms (cache miss)
113 silly packumentCache full:https://registry.npmjs.org/parseurl set size:undefined disposed:false
114 silly fetch manifest escape-html@^1.0.3
115 silly packumentCache full:https://registry.npmjs.org/escape-html cache-miss
116 http fetch GET 200 https://registry.npmjs.org/statuses 217ms (cache miss)
117 silly packumentCache full:https://registry.npmjs.org/statuses set size:undefined disposed:false
118 silly fetch manifest http-errors@^2.0.0
119 silly packumentCache full:https://registry.npmjs.org/http-errors cache-miss
120 http fetch GET 200 https://registry.npmjs.org/encodeurl 163ms (cache miss)
121 silly packumentCache full:https://registry.npmjs.org/encodeurl set size:undefined disposed:false
122 silly fetch manifest on-finished@^2.4.1
123 silly packumentCache full:https://registry.npmjs.org/on-finished cache-miss
124 http fetch GET 200 https://registry.npmjs.org/fresh 508ms (cache miss)
125 silly packumentCache full:https://registry.npmjs.org/fresh set size:undefined disposed:false
126 silly fetch manifest content-type@^1.0.5
127 silly packumentCache full:https://registry.npmjs.org/content-type cache-miss
128 http fetch GET 200 https://registry.npmjs.org/mime-types 189ms (cache revalidated)
129 silly packumentCache full:https://registry.npmjs.org/mime-types set size:139110 disposed:false
130 silly fetch manifest finalhandler@^2.1.0
131 silly packumentCache full:https://registry.npmjs.org/finalhandler cache-miss
132 http fetch GET 200 https://registry.npmjs.org/proxy-addr 178ms (cache miss)
133 silly packumentCache full:https://registry.npmjs.org/proxy-addr set size:undefined disposed:false
134 silly fetch manifest range-parser@^1.2.1
135 silly packumentCache full:https://registry.npmjs.org/range-parser cache-miss
136 http fetch GET 200 https://registry.npmjs.org/content-type 532ms (cache revalidated)
137 silly packumentCache full:https://registry.npmjs.org/content-type set size:29578 disposed:false
138 silly fetch manifest serve-static@^2.2.0
139 silly packumentCache full:https://registry.npmjs.org/serve-static cache-miss
140 http fetch GET 200 https://registry.npmjs.org/body-parser 630ms (cache miss)
141 silly packumentCache full:https://registry.npmjs.org/body-parser set size:undefined disposed:false
142 silly fetch manifest cookie-signature@^1.2.1
143 silly packumentCache full:https://registry.npmjs.org/cookie-signature cache-miss
144 http fetch GET 200 https://registry.npmjs.org/escape-html 664ms (cache miss)
145 silly packumentCache full:https://registry.npmjs.org/escape-html set size:undefined disposed:false
146 silly fetch manifest merge-descriptors@^2.0.0
147 silly packumentCache full:https://registry.npmjs.org/merge-descriptors cache-miss
148 http fetch GET 200 https://registry.npmjs.org/range-parser 542ms (cache miss)
149 silly packumentCache full:https://registry.npmjs.org/range-parser set size:undefined disposed:false
150 silly fetch manifest content-disposition@^1.0.0
151 silly packumentCache full:https://registry.npmjs.org/content-disposition cache-miss
152 http fetch GET 200 https://registry.npmjs.org/http-errors 675ms (cache miss)
153 silly packumentCache full:https://registry.npmjs.org/http-errors set size:undefined disposed:false
154 http fetch GET 200 https://registry.npmjs.org/on-finished 667ms (cache miss)
155 silly packumentCache full:https://registry.npmjs.org/on-finished set size:undefined disposed:false
156 http fetch GET 200 https://registry.npmjs.org/finalhandler 609ms (cache miss)
157 silly packumentCache full:https://registry.npmjs.org/finalhandler set size:undefined disposed:false
158 http fetch GET 200 https://registry.npmjs.org/cookie-signature 159ms (cache miss)
159 silly packumentCache full:https://registry.npmjs.org/cookie-signature set size:undefined disposed:false
160 http fetch GET 200 https://registry.npmjs.org/serve-static 196ms (cache miss)
161 silly packumentCache full:https://registry.npmjs.org/serve-static set size:undefined disposed:false
162 http fetch GET 200 https://registry.npmjs.org/content-disposition 169ms (cache miss)
163 silly packumentCache full:https://registry.npmjs.org/content-disposition set size:undefined disposed:false
164 http fetch GET 200 https://registry.npmjs.org/merge-descriptors 194ms (cache miss)
165 silly packumentCache full:https://registry.npmjs.org/merge-descriptors set size:undefined disposed:false
166 silly placeDep ROOT follow-redirects@1.16.1 OK for: axios@1.20.0 want: ^1.16.0
167 silly placeDep ROOT form-data@4.0.6 OK for: axios@1.20.0 want: ^4.0.6
168 silly placeDep ROOT https-proxy-agent@5.0.1 OK for: axios@1.20.0 want: ^5.0.1
169 silly placeDep ROOT proxy-from-env@2.1.0 OK for: axios@1.20.0 want: ^2.1.0
170 silly fetch manifest hasown@^2.0.4
171 silly packumentCache full:https://registry.npmjs.org/hasown cache-miss
172 silly fetch manifest asynckit@^0.4.0
173 silly packumentCache full:https://registry.npmjs.org/asynckit cache-miss
174 silly fetch manifest mime-types@^2.1.35
175 silly packumentCache full:https://registry.npmjs.org/mime-types cache-hit
176 silly fetch manifest combined-stream@^1.0.8
177 silly packumentCache full:https://registry.npmjs.org/combined-stream cache-miss
178 silly fetch manifest es-set-tostringtag@^2.1.0
179 silly packumentCache full:https://registry.npmjs.org/es-set-tostringtag cache-miss
180 silly fetch manifest debug@4
181 silly packumentCache full:https://registry.npmjs.org/debug cache-hit
182 silly fetch manifest agent-base@6
183 silly packumentCache full:https://registry.npmjs.org/agent-base cache-miss
184 http fetch GET 200 https://registry.npmjs.org/hasown 220ms (cache revalidated)
185 silly packumentCache full:https://registry.npmjs.org/hasown set size:18361 disposed:false
186 http fetch GET 200 https://registry.npmjs.org/es-set-tostringtag 235ms (cache revalidated)
187 silly packumentCache full:https://registry.npmjs.org/es-set-tostringtag set size:22094 disposed:false
188 http fetch GET 200 https://registry.npmjs.org/combined-stream 245ms (cache revalidated)
189 silly packumentCache full:https://registry.npmjs.org/combined-stream set size:40337 disposed:false
190 http fetch GET 200 https://registry.npmjs.org/agent-base 245ms (cache revalidated)
191 silly packumentCache full:https://registry.npmjs.org/agent-base set size:72085 disposed:false
192 http fetch GET 200 https://registry.npmjs.org/asynckit 271ms (cache revalidated)
193 silly packumentCache full:https://registry.npmjs.org/asynckit set size:18932 disposed:false
194 silly placeDep ROOT object-assign@4.1.1 OK for: cors@2.8.6 want: ^4
195 silly placeDep ROOT vary@1.1.2 OK for: cors@2.8.6 want: ^1
196 silly placeDep ROOT accepts@2.0.0 OK for: express@5.2.1 want: ^2.0.0
197 silly placeDep ROOT body-parser@2.3.0 OK for: express@5.2.1 want: ^2.2.1
198 silly placeDep ROOT content-disposition@1.1.0 OK for: express@5.2.1 want: ^1.0.0
199 silly placeDep ROOT content-type@1.0.5 OK for: express@5.2.1 want: ^1.0.5
200 silly placeDep ROOT cookie@0.7.2 OK for: express@5.2.1 want: ^0.7.1
201 silly placeDep ROOT cookie-signature@1.2.2 OK for: express@5.2.1 want: ^1.2.1
202 silly placeDep ROOT debug@4.4.3 OK for: express@5.2.1 want: ^4.4.0
203 silly placeDep ROOT depd@2.0.0 OK for: express@5.2.1 want: ^2.0.0
204 silly placeDep ROOT encodeurl@2.0.0 OK for: express@5.2.1 want: ^2.0.0
205 silly placeDep ROOT escape-html@1.0.3 OK for: express@5.2.1 want: ^1.0.3
206 silly placeDep ROOT etag@1.8.1 OK for: express@5.2.1 want: ^1.8.1
207 silly placeDep ROOT finalhandler@2.1.1 OK for: express@5.2.1 want: ^2.1.0
208 silly placeDep ROOT fresh@2.0.0 OK for: express@5.2.1 want: ^2.0.0
209 silly placeDep ROOT http-errors@2.0.1 OK for: express@5.2.1 want: ^2.0.0
210 silly placeDep ROOT merge-descriptors@2.0.0 OK for: express@5.2.1 want: ^2.0.0
211 silly placeDep ROOT mime-types@3.0.2 OK for: express@5.2.1 want: ^3.0.0
212 silly placeDep ROOT on-finished@2.4.1 OK for: express@5.2.1 want: ^2.4.1
213 silly placeDep ROOT once@1.4.0 OK for: express@5.2.1 want: ^1.4.0
214 silly placeDep ROOT parseurl@1.3.3 OK for: express@5.2.1 want: ^1.3.3
215 silly placeDep ROOT proxy-addr@2.0.8 OK for: express@5.2.1 want: ^2.0.7
216 silly placeDep ROOT qs@6.16.0 OK for: express@5.2.1 want: ^6.14.0
217 silly placeDep ROOT range-parser@1.3.0 OK for: express@5.2.1 want: ^1.2.1
218 silly placeDep ROOT router@2.2.0 OK for: express@5.2.1 want: ^2.2.0
219 silly placeDep ROOT send@1.2.1 OK for: express@5.2.1 want: ^1.1.0
220 silly placeDep ROOT serve-static@2.2.1 OK for: express@5.2.1 want: ^2.2.0
221 silly placeDep ROOT statuses@2.0.2 OK for: express@5.2.1 want: ^2.0.1
222 silly placeDep ROOT type-is@2.1.0 OK for: express@5.2.1 want: ^2.0.1
223 silly fetch manifest negotiator@^1.0.0
224 silly packumentCache full:https://registry.npmjs.org/negotiator cache-miss
225 silly fetch manifest qs@^6.15.2
226 silly packumentCache full:https://registry.npmjs.org/qs cache-miss
227 silly fetch manifest bytes@^3.1.2
228 silly packumentCache full:https://registry.npmjs.org/bytes cache-miss
229 silly fetch manifest debug@^4.4.3
230 silly packumentCache full:https://registry.npmjs.org/debug cache-hit
231 silly fetch manifest type-is@^2.1.0
232 silly packumentCache full:https://registry.npmjs.org/type-is cache-miss
233 silly fetch manifest raw-body@^3.0.2
234 silly packumentCache full:https://registry.npmjs.org/raw-body cache-miss
235 silly fetch manifest iconv-lite@^0.7.2
236 silly packumentCache full:https://registry.npmjs.org/iconv-lite cache-miss
237 silly fetch manifest http-errors@^2.0.1
238 silly packumentCache full:https://registry.npmjs.org/http-errors cache-miss
239 http cache https://registry.npmjs.org/qs 74ms (cache hit)
240 silly packumentCache full:https://registry.npmjs.org/qs set size:365613 disposed:false
241 silly fetch manifest content-type@^2.0.0
242 silly packumentCache full:https://registry.npmjs.org/content-type cache-hit
243 silly fetch manifest ms@^2.1.3
244 silly packumentCache full:https://registry.npmjs.org/ms cache-miss
245 http cache https://registry.npmjs.org/type-is 95ms (cache hit)
246 silly packumentCache full:https://registry.npmjs.org/type-is set size:90391 disposed:false
247 silly fetch manifest inherits@~2.0.4
248 silly packumentCache full:https://registry.npmjs.org/inherits cache-miss
249 http cache https://registry.npmjs.org/http-errors 96ms (cache hit)
250 silly packumentCache full:https://registry.npmjs.org/http-errors set size:71987 disposed:false
251 silly fetch manifest setprototypeof@~1.2.0
252 silly packumentCache full:https://registry.npmjs.org/setprototypeof cache-miss
253 http fetch GET 200 https://registry.npmjs.org/iconv-lite 212ms (cache revalidated)
254 silly packumentCache full:https://registry.npmjs.org/iconv-lite set size:126462 disposed:false
255 silly fetch manifest statuses@~2.0.2
256 silly packumentCache full:https://registry.npmjs.org/statuses cache-miss
257 http fetch GET 200 https://registry.npmjs.org/bytes 267ms (cache miss)
258 silly packumentCache full:https://registry.npmjs.org/bytes set size:undefined disposed:false
259 silly fetch manifest toidentifier@~1.0.1
260 silly packumentCache full:https://registry.npmjs.org/toidentifier cache-miss
261 http fetch GET 200 https://registry.npmjs.org/raw-body 279ms (cache miss)
262 silly packumentCache full:https://registry.npmjs.org/raw-body set size:undefined disposed:false
263 silly fetch manifest mime-db@^1.54.0
264 silly packumentCache full:https://registry.npmjs.org/mime-db cache-miss
265 http fetch GET 200 https://registry.npmjs.org/negotiator 312ms (cache miss)
266 silly packumentCache full:https://registry.npmjs.org/negotiator set size:undefined disposed:false
267 silly fetch manifest ee-first@1.1.1
268 silly packumentCache full:https://registry.npmjs.org/ee-first cache-miss
269 http fetch GET 200 https://registry.npmjs.org/ms 233ms (cache revalidated)
270 silly packumentCache full:https://registry.npmjs.org/ms set size:92208 disposed:false
271 silly fetch manifest wrappy@1
272 silly packumentCache full:https://registry.npmjs.org/wrappy cache-miss
273 http fetch GET 200 https://registry.npmjs.org/inherits 236ms (cache revalidated)
274 silly packumentCache full:https://registry.npmjs.org/inherits set size:12925 disposed:false
275 silly fetch manifest forwarded@0.2.0
276 silly packumentCache full:https://registry.npmjs.org/forwarded cache-miss
277 http cache https://registry.npmjs.org/statuses 116ms (cache hit)
278 silly packumentCache full:https://registry.npmjs.org/statuses set size:37117 disposed:false
279 silly fetch manifest ipaddr.js@1.9.1
280 silly packumentCache full:https://registry.npmjs.org/ipaddr.js cache-miss
281 http fetch GET 200 https://registry.npmjs.org/setprototypeof 243ms (cache miss)
282 silly packumentCache full:https://registry.npmjs.org/setprototypeof set size:undefined disposed:false
283 silly fetch manifest side-channel@^1.1.1
284 silly packumentCache full:https://registry.npmjs.org/side-channel cache-miss
285 http fetch GET 200 https://registry.npmjs.org/toidentifier 151ms (cache miss)
286 silly packumentCache full:https://registry.npmjs.org/toidentifier set size:undefined disposed:false
287 silly fetch manifest es-define-property@^1.0.1
288 silly packumentCache full:https://registry.npmjs.org/es-define-property cache-miss
289 http fetch GET 200 https://registry.npmjs.org/ee-first 145ms (cache miss)
290 silly packumentCache full:https://registry.npmjs.org/ee-first set size:undefined disposed:false
291 silly fetch manifest is-promise@^4.0.0
292 silly packumentCache full:https://registry.npmjs.org/is-promise cache-miss
293 http fetch GET 200 https://registry.npmjs.org/forwarded 170ms (cache miss)
294 silly packumentCache full:https://registry.npmjs.org/forwarded set size:undefined disposed:false
295 silly fetch manifest path-to-regexp@^8.0.0
296 silly packumentCache full:https://registry.npmjs.org/path-to-regexp cache-miss
297 http fetch GET 200 https://registry.npmjs.org/mime-db 275ms (cache revalidated)
298 silly packumentCache full:https://registry.npmjs.org/mime-db set size:164953 disposed:false
299 silly fetch manifest statuses@^2.0.2
300 silly packumentCache full:https://registry.npmjs.org/statuses cache-hit
301 silly fetch manifest media-typer@^1.1.0
302 silly packumentCache full:https://registry.npmjs.org/media-typer cache-miss
303 http fetch GET 200 https://registry.npmjs.org/side-channel 250ms (cache miss)
304 silly packumentCache full:https://registry.npmjs.org/side-channel set size:undefined disposed:false
305 http fetch GET 200 https://registry.npmjs.org/wrappy 286ms (cache revalidated)
306 silly packumentCache full:https://registry.npmjs.org/wrappy set size:7682 disposed:false
307 http fetch GET 200 https://registry.npmjs.org/es-define-property 199ms (cache revalidated)
308 silly packumentCache full:https://registry.npmjs.org/es-define-property set size:8542 disposed:false
309 http fetch GET 200 https://registry.npmjs.org/is-promise 185ms (cache miss)
310 silly packumentCache full:https://registry.npmjs.org/is-promise set size:undefined disposed:false
311 http fetch GET 200 https://registry.npmjs.org/ipaddr.js 297ms (cache miss)
312 silly packumentCache full:https://registry.npmjs.org/ipaddr.js set size:undefined disposed:false
313 http fetch GET 200 https://registry.npmjs.org/media-typer 402ms (cache revalidated)
314 silly packumentCache full:https://registry.npmjs.org/media-typer set size:22074 disposed:false
315 http fetch GET 200 https://registry.npmjs.org/path-to-regexp 477ms (cache miss)
316 silly packumentCache full:https://registry.npmjs.org/path-to-regexp set size:undefined disposed:false
317 silly placeDep ROOT negotiator@1.1.0 OK for: accepts@2.0.0 want: ^1.0.0
318 silly fetch manifest content-type@^2.1.0
319 silly packumentCache full:https://registry.npmjs.org/content-type cache-hit
320 silly placeDep ROOT bytes@3.1.2 OK for: body-parser@2.3.0 want: ^3.1.2
321 silly placeDep node_modules/body-parser content-type@2.1.0 OK for: body-parser@2.3.0 want: ^2.0.0
322 silly placeDep ROOT iconv-lite@0.7.3 OK for: body-parser@2.3.0 want: ^0.7.2
323 silly placeDep ROOT raw-body@3.0.2 OK for: body-parser@2.3.0 want: ^3.0.2
324 silly fetch manifest safer-buffer@>= 2.1.2 < 3.0.0
325 silly packumentCache full:https://registry.npmjs.org/safer-buffer cache-miss
326 silly fetch manifest unpipe@~1.0.0
327 silly packumentCache full:https://registry.npmjs.org/unpipe cache-miss
328 http fetch GET 200 https://registry.npmjs.org/safer-buffer 281ms (cache revalidated)
329 silly packumentCache full:https://registry.npmjs.org/safer-buffer set size:18521 disposed:false
330 http fetch GET 200 https://registry.npmjs.org/unpipe 295ms (cache miss)
331 silly packumentCache full:https://registry.npmjs.org/unpipe set size:undefined disposed:false
332 silly placeDep ROOT ms@2.1.3 OK for: debug@4.4.3 want: ^2.1.3
333 silly placeDep ROOT asynckit@0.4.0 OK for: form-data@4.0.6 want: ^0.4.0
334 silly placeDep ROOT combined-stream@1.0.8 OK for: form-data@4.0.6 want: ^1.0.8
335 silly placeDep ROOT es-set-tostringtag@2.1.0 OK for: form-data@4.0.6 want: ^2.1.0
336 silly placeDep ROOT hasown@2.0.4 OK for: form-data@4.0.6 want: ^2.0.4
337 silly placeDep node_modules/form-data mime-types@2.1.35 OK for: form-data@4.0.6 want: ^2.1.35
338 silly fetch manifest delayed-stream@~1.0.0
339 silly packumentCache full:https://registry.npmjs.org/delayed-stream cache-miss
340 silly fetch manifest es-errors@^1.3.0
341 silly packumentCache full:https://registry.npmjs.org/es-errors cache-miss
342 silly fetch manifest get-intrinsic@^1.2.6
343 silly packumentCache full:https://registry.npmjs.org/get-intrinsic cache-miss
344 silly fetch manifest has-tostringtag@^1.0.2
345 silly packumentCache full:https://registry.npmjs.org/has-tostringtag cache-miss
346 silly fetch manifest hasown@^2.0.2
347 silly packumentCache full:https://registry.npmjs.org/hasown cache-hit
348 silly fetch manifest function-bind@^1.1.2
349 silly packumentCache full:https://registry.npmjs.org/function-bind cache-miss
350 silly fetch manifest mime-db@1.52.0
351 silly packumentCache full:https://registry.npmjs.org/mime-db cache-hit
352 http fetch GET 200 https://registry.npmjs.org/es-errors 202ms (cache revalidated)
353 silly packumentCache full:https://registry.npmjs.org/es-errors set size:16918 disposed:false
354 http fetch GET 200 https://registry.npmjs.org/delayed-stream 212ms (cache revalidated)
355 silly packumentCache full:https://registry.npmjs.org/delayed-stream set size:15820 disposed:false
356 http fetch GET 200 https://registry.npmjs.org/function-bind 218ms (cache revalidated)
357 silly packumentCache full:https://registry.npmjs.org/function-bind set size:15733 disposed:false
358 http fetch GET 200 https://registry.npmjs.org/get-intrinsic 231ms (cache revalidated)
359 silly packumentCache full:https://registry.npmjs.org/get-intrinsic set size:60985 disposed:false
360 http fetch GET 200 https://registry.npmjs.org/has-tostringtag 497ms (cache revalidated)
361 silly packumentCache full:https://registry.npmjs.org/has-tostringtag set size:13945 disposed:false
362 silly placeDep ROOT delayed-stream@1.0.0 OK for: combined-stream@1.0.8 want: ~1.0.0
363 silly placeDep ROOT es-errors@1.3.0 OK for: es-set-tostringtag@2.1.0 want: ^1.3.0
364 silly placeDep ROOT get-intrinsic@1.3.0 OK for: es-set-tostringtag@2.1.0 want: ^1.2.6
365 silly placeDep ROOT has-tostringtag@1.0.2 OK for: es-set-tostringtag@2.1.0 want: ^1.0.2
366 silly fetch manifest gopd@^1.2.0
367 silly packumentCache full:https://registry.npmjs.org/gopd cache-miss
368 silly fetch manifest get-proto@^1.0.1
369 silly packumentCache full:https://registry.npmjs.org/get-proto cache-miss
370 silly fetch manifest has-symbols@^1.1.0
371 silly packumentCache full:https://registry.npmjs.org/has-symbols cache-miss
372 silly fetch manifest es-object-atoms@^1.1.1
373 silly packumentCache full:https://registry.npmjs.org/es-object-atoms cache-miss
374 silly fetch manifest math-intrinsics@^1.1.0
375 silly packumentCache full:https://registry.npmjs.org/math-intrinsics cache-miss
376 silly fetch manifest call-bind-apply-helpers@^1.0.2
377 silly packumentCache full:https://registry.npmjs.org/call-bind-apply-helpers cache-miss
378 silly fetch manifest has-symbols@^1.0.3
379 silly packumentCache full:https://registry.npmjs.org/has-symbols cache-miss
380 http fetch GET 200 https://registry.npmjs.org/es-object-atoms 1812ms (cache revalidated)
381 silly packumentCache full:https://registry.npmjs.org/es-object-atoms set size:18278 disposed:false
382 http fetch GET 200 https://registry.npmjs.org/get-proto 1823ms (cache revalidated)
383 silly packumentCache full:https://registry.npmjs.org/get-proto set size:8300 disposed:false
384 http fetch GET 200 https://registry.npmjs.org/gopd 1830ms (cache revalidated)
385 silly packumentCache full:https://registry.npmjs.org/gopd set size:11483 disposed:false
386 http fetch GET 200 https://registry.npmjs.org/has-symbols 1815ms (cache revalidated)
387 silly packumentCache full:https://registry.npmjs.org/has-symbols set size:21550 disposed:false
388 http fetch GET 200 https://registry.npmjs.org/math-intrinsics 1831ms (cache revalidated)
389 silly packumentCache full:https://registry.npmjs.org/math-intrinsics set size:9265 disposed:false
390 http fetch GET 200 https://registry.npmjs.org/has-symbols 1842ms (cache revalidated)
391 silly packumentCache full:https://registry.npmjs.org/has-symbols set size:21550 disposed:false
392 silly packumentCache full:https://registry.npmjs.org/has-symbols dispose
393 http fetch GET 200 https://registry.npmjs.org/call-bind-apply-helpers 1836ms (cache revalidated)
394 silly packumentCache full:https://registry.npmjs.org/call-bind-apply-helpers set size:12744 disposed:false
395 silly placeDep ROOT call-bind-apply-helpers@1.0.2 OK for: get-intrinsic@1.3.0 want: ^1.0.2
396 silly placeDep ROOT es-define-property@1.0.1 OK for: get-intrinsic@1.3.0 want: ^1.0.1
397 silly placeDep ROOT es-object-atoms@1.1.2 OK for: get-intrinsic@1.3.0 want: ^1.1.1
398 silly placeDep ROOT function-bind@1.1.2 OK for: get-intrinsic@1.3.0 want: ^1.1.2
399 silly placeDep ROOT get-proto@1.0.1 OK for: get-intrinsic@1.3.0 want: ^1.0.1
400 silly placeDep ROOT gopd@1.2.0 OK for: get-intrinsic@1.3.0 want: ^1.2.0
401 silly placeDep ROOT has-symbols@1.1.0 OK for: get-intrinsic@1.3.0 want: ^1.1.0
402 silly placeDep ROOT math-intrinsics@1.1.0 OK for: get-intrinsic@1.3.0 want: ^1.1.0
403 silly fetch manifest dunder-proto@^1.0.1
404 silly packumentCache full:https://registry.npmjs.org/dunder-proto cache-miss
405 http fetch GET 200 https://registry.npmjs.org/dunder-proto 166ms (cache revalidated)
406 silly packumentCache full:https://registry.npmjs.org/dunder-proto set size:8256 disposed:false
407 silly placeDep ROOT dunder-proto@1.0.1 OK for: get-proto@1.0.1 want: ^1.0.1
408 silly placeDep ROOT inherits@2.0.4 OK for: http-errors@2.0.1 want: ~2.0.4
409 silly placeDep ROOT setprototypeof@1.2.0 OK for: http-errors@2.0.1 want: ~1.2.0
410 silly placeDep ROOT toidentifier@1.0.1 OK for: http-errors@2.0.1 want: ~1.0.1
411 silly placeDep ROOT agent-base@6.0.2 OK for: https-proxy-agent@5.0.1 want: 6
412 silly placeDep ROOT safer-buffer@2.1.2 OK for: iconv-lite@0.7.3 want: >= 2.1.2 < 3.0.0
413 silly placeDep ROOT mime-db@1.54.0 OK for: mime-types@3.0.2 want: ^1.54.0
414 silly placeDep node_modules/negotiator content-type@2.1.0 OK for: negotiator@1.1.0 want: ^2.1.0
415 silly placeDep ROOT ee-first@1.1.1 OK for: on-finished@2.4.1 want: 1.1.1
416 silly placeDep ROOT wrappy@1.0.2 OK for: once@1.4.0 want: 1
417 silly placeDep ROOT forwarded@0.2.0 OK for: proxy-addr@2.0.8 want: 0.2.0
418 silly placeDep ROOT ipaddr.js@1.9.1 OK for: proxy-addr@2.0.8 want: 1.9.1
419 silly placeDep ROOT side-channel@1.1.1 OK for: qs@6.16.0 want: ^1.1.1
420 silly fetch manifest object-inspect@^1.13.4
421 silly packumentCache full:https://registry.npmjs.org/object-inspect cache-miss
422 silly fetch manifest side-channel-list@^1.0.1
423 silly packumentCache full:https://registry.npmjs.org/side-channel-list cache-miss
424 silly fetch manifest side-channel-map@^1.0.1
425 silly packumentCache full:https://registry.npmjs.org/side-channel-map cache-miss
426 silly fetch manifest side-channel-weakmap@^1.0.2
427 silly packumentCache full:https://registry.npmjs.org/side-channel-weakmap cache-miss
428 http fetch GET 200 https://registry.npmjs.org/side-channel-list 184ms (cache miss)
429 silly packumentCache full:https://registry.npmjs.org/side-channel-list set size:undefined disposed:false
430 http fetch GET 200 https://registry.npmjs.org/side-channel-map 188ms (cache miss)
431 silly packumentCache full:https://registry.npmjs.org/side-channel-map set size:undefined disposed:false
432 http fetch GET 200 https://registry.npmjs.org/side-channel-weakmap 211ms (cache miss)
433 silly packumentCache full:https://registry.npmjs.org/side-channel-weakmap set size:undefined disposed:false
434 http fetch GET 200 https://registry.npmjs.org/object-inspect 223ms (cache miss)
435 silly packumentCache full:https://registry.npmjs.org/object-inspect set size:undefined disposed:false
436 silly placeDep ROOT unpipe@1.0.0 OK for: raw-body@3.0.2 want: ~1.0.0
437 silly placeDep ROOT is-promise@4.0.0 OK for: router@2.2.0 want: ^4.0.0
438 silly placeDep ROOT path-to-regexp@8.4.2 OK for: router@2.2.0 want: ^8.0.0
439 silly placeDep ROOT object-inspect@1.13.4 OK for: side-channel@1.1.1 want: ^1.13.4
440 silly placeDep ROOT side-channel-list@1.0.1 OK for: side-channel@1.1.1 want: ^1.0.1
441 silly placeDep ROOT side-channel-map@1.0.1 OK for: side-channel@1.1.1 want: ^1.0.1
442 silly placeDep ROOT side-channel-weakmap@1.0.2 OK for: side-channel@1.1.1 want: ^1.0.2
443 silly fetch manifest call-bound@^1.0.2
444 silly packumentCache full:https://registry.npmjs.org/call-bound cache-miss
445 silly fetch manifest call-bound@^1.0.2
446 silly packumentCache full:https://registry.npmjs.org/call-bound cache-miss
447 http fetch GET 200 https://registry.npmjs.org/call-bound 165ms (cache miss)
448 silly packumentCache full:https://registry.npmjs.org/call-bound set size:undefined disposed:false
449 http fetch GET 200 https://registry.npmjs.org/call-bound 173ms (cache miss)
450 silly packumentCache full:https://registry.npmjs.org/call-bound set size:undefined disposed:false
451 silly placeDep ROOT call-bound@1.0.4 OK for: side-channel-map@1.0.1 want: ^1.0.2
452 silly placeDep node_modules/type-is content-type@2.1.0 OK for: type-is@2.1.0 want: ^2.0.0
453 silly placeDep ROOT media-typer@1.1.1 OK for: type-is@2.1.0 want: ^1.1.0
454 silly placeDep node_modules/form-data mime-db@1.52.0 OK for: mime-types@2.1.35 want: 1.52.0
455 silly reify moves {}
456 http cache media-typer@https://registry.npmjs.org/media-typer/-/media-typer-1.1.1.tgz 0ms (cache hit)
457 http cache side-channel-weakmap@https://registry.npmjs.org/side-channel-weakmap/-/side-channel-weakmap-1.0.2.tgz 0ms (cache hit)
458 http cache call-bound@https://registry.npmjs.org/call-bound/-/call-bound-1.0.4.tgz 0ms (cache hit)
459 http cache side-channel-map@https://registry.npmjs.org/side-channel-map/-/side-channel-map-1.0.1.tgz 0ms (cache hit)
460 http cache object-inspect@https://registry.npmjs.org/object-inspect/-/object-inspect-1.13.4.tgz 0ms (cache hit)
461 http cache is-promise@https://registry.npmjs.org/is-promise/-/is-promise-4.0.0.tgz 0ms (cache hit)
462 http cache path-to-regexp@https://registry.npmjs.org/path-to-regexp/-/path-to-regexp-8.4.2.tgz 0ms (cache hit)
463 http cache unpipe@https://registry.npmjs.org/unpipe/-/unpipe-1.0.0.tgz 0ms (cache hit)
464 http cache side-channel@https://registry.npmjs.org/side-channel/-/side-channel-1.1.1.tgz 0ms (cache hit)
465 http cache ipaddr.js@https://registry.npmjs.org/ipaddr.js/-/ipaddr.js-1.9.1.tgz 0ms (cache hit)
466 http cache forwarded@https://registry.npmjs.org/forwarded/-/forwarded-0.2.0.tgz 0ms (cache hit)
467 http cache wrappy@https://registry.npmjs.org/wrappy/-/wrappy-1.0.2.tgz 0ms (cache hit)
468 http cache side-channel-list@https://registry.npmjs.org/side-channel-list/-/side-channel-list-1.0.1.tgz 0ms (cache hit)
469 http cache ee-first@https://registry.npmjs.org/ee-first/-/ee-first-1.1.1.tgz 0ms (cache hit)
470 http cache mime-db@https://registry.npmjs.org/mime-db/-/mime-db-1.54.0.tgz 1ms (cache hit)
471 http cache safer-buffer@https://registry.npmjs.org/safer-buffer/-/safer-buffer-2.1.2.tgz 0ms (cache hit)
472 http cache agent-base@https://registry.npmjs.org/agent-base/-/agent-base-6.0.2.tgz 0ms (cache hit)
473 http cache setprototypeof@https://registry.npmjs.org/setprototypeof/-/setprototypeof-1.2.0.tgz 0ms (cache hit)
474 http cache inherits@https://registry.npmjs.org/inherits/-/inherits-2.0.4.tgz 0ms (cache hit)
475 http cache dunder-proto@https://registry.npmjs.org/dunder-proto/-/dunder-proto-1.0.1.tgz 0ms (cache hit)
476 http cache math-intrinsics@https://registry.npmjs.org/math-intrinsics/-/math-intrinsics-1.1.0.tgz 0ms (cache hit)
477 http cache has-symbols@https://registry.npmjs.org/has-symbols/-/has-symbols-1.1.0.tgz 0ms (cache hit)
478 http cache gopd@https://registry.npmjs.org/gopd/-/gopd-1.2.0.tgz 0ms (cache hit)
479 http cache get-proto@https://registry.npmjs.org/get-proto/-/get-proto-1.0.1.tgz 0ms (cache hit)
480 http cache function-bind@https://registry.npmjs.org/function-bind/-/function-bind-1.1.2.tgz 0ms (cache hit)
481 http cache es-object-atoms@https://registry.npmjs.org/es-object-atoms/-/es-object-atoms-1.1.2.tgz 0ms (cache hit)
482 http cache toidentifier@https://registry.npmjs.org/toidentifier/-/toidentifier-1.0.1.tgz 0ms (cache hit)
483 http cache es-define-property@https://registry.npmjs.org/es-define-property/-/es-define-property-1.0.1.tgz 0ms (cache hit)
484 http cache call-bind-apply-helpers@https://registry.npmjs.org/call-bind-apply-helpers/-/call-bind-apply-helpers-1.0.2.tgz 0ms (cache hit)
485 http cache get-intrinsic@https://registry.npmjs.org/get-intrinsic/-/get-intrinsic-1.3.0.tgz 0ms (cache hit)
486 http cache es-errors@https://registry.npmjs.org/es-errors/-/es-errors-1.3.0.tgz 0ms (cache hit)
487 http cache has-tostringtag@https://registry.npmjs.org/has-tostringtag/-/has-tostringtag-1.0.2.tgz 1ms (cache hit)
488 http cache delayed-stream@https://registry.npmjs.org/delayed-stream/-/delayed-stream-1.0.0.tgz 0ms (cache hit)
489 http cache hasown@https://registry.npmjs.org/hasown/-/hasown-2.0.4.tgz 0ms (cache hit)
490 http cache es-set-tostringtag@https://registry.npmjs.org/es-set-tostringtag/-/es-set-tostringtag-2.1.0.tgz 0ms (cache hit)
491 http cache combined-stream@https://registry.npmjs.org/combined-stream/-/combined-stream-1.0.8.tgz 0ms (cache hit)
492 http cache asynckit@https://registry.npmjs.org/asynckit/-/asynckit-0.4.0.tgz 0ms (cache hit)
493 http cache ms@https://registry.npmjs.org/ms/-/ms-2.1.3.tgz 0ms (cache hit)
494 http cache raw-body@https://registry.npmjs.org/raw-body/-/raw-body-3.0.2.tgz 0ms (cache hit)
495 http cache iconv-lite@https://registry.npmjs.org/iconv-lite/-/iconv-lite-0.7.3.tgz 0ms (cache hit)
496 http cache bytes@https://registry.npmjs.org/bytes/-/bytes-3.1.2.tgz 0ms (cache hit)
497 http cache negotiator@https://registry.npmjs.org/negotiator/-/negotiator-1.1.0.tgz 0ms (cache hit)
498 http cache type-is@https://registry.npmjs.org/type-is/-/type-is-2.1.0.tgz 0ms (cache hit)
499 http cache statuses@https://registry.npmjs.org/statuses/-/statuses-2.0.2.tgz 0ms (cache hit)
500 http cache serve-static@https://registry.npmjs.org/serve-static/-/serve-static-2.2.1.tgz 0ms (cache hit)
501 http cache send@https://registry.npmjs.org/send/-/send-1.2.1.tgz 0ms (cache hit)
502 http cache router@https://registry.npmjs.org/router/-/router-2.2.0.tgz 0ms (cache hit)
503 http cache range-parser@https://registry.npmjs.org/range-parser/-/range-parser-1.3.0.tgz 0ms (cache hit)
504 http cache qs@https://registry.npmjs.org/qs/-/qs-6.16.0.tgz 0ms (cache hit)
505 http cache proxy-addr@https://registry.npmjs.org/proxy-addr/-/proxy-addr-2.0.8.tgz 0ms (cache hit)
506 http cache parseurl@https://registry.npmjs.org/parseurl/-/parseurl-1.3.3.tgz 0ms (cache hit)
507 http cache once@https://registry.npmjs.org/once/-/once-1.4.0.tgz 0ms (cache hit)
508 http cache on-finished@https://registry.npmjs.org/on-finished/-/on-finished-2.4.1.tgz 0ms (cache hit)
509 http cache mime-types@https://registry.npmjs.org/mime-types/-/mime-types-3.0.2.tgz 0ms (cache hit)
510 http cache merge-descriptors@https://registry.npmjs.org/merge-descriptors/-/merge-descriptors-2.0.0.tgz 0ms (cache hit)
511 http cache http-errors@https://registry.npmjs.org/http-errors/-/http-errors-2.0.1.tgz 0ms (cache hit)
512 http cache fresh@https://registry.npmjs.org/fresh/-/fresh-2.0.0.tgz 0ms (cache hit)
513 http cache finalhandler@https://registry.npmjs.org/finalhandler/-/finalhandler-2.1.1.tgz 0ms (cache hit)
514 http cache etag@https://registry.npmjs.org/etag/-/etag-1.8.1.tgz 0ms (cache hit)
515 http cache encodeurl@https://registry.npmjs.org/encodeurl/-/encodeurl-2.0.0.tgz 0ms (cache hit)
516 http cache escape-html@https://registry.npmjs.org/escape-html/-/escape-html-1.0.3.tgz 0ms (cache hit)
517 http cache depd@https://registry.npmjs.org/depd/-/depd-2.0.0.tgz 0ms (cache hit)
518 http cache debug@https://registry.npmjs.org/debug/-/debug-4.4.3.tgz 0ms (cache hit)
519 http cache cookie-signature@https://registry.npmjs.org/cookie-signature/-/cookie-signature-1.2.2.tgz 0ms (cache hit)
520 http cache cookie@https://registry.npmjs.org/cookie/-/cookie-0.7.2.tgz 1ms (cache hit)
521 http cache content-type@https://registry.npmjs.org/content-type/-/content-type-1.0.5.tgz 0ms (cache hit)
522 http cache content-disposition@https://registry.npmjs.org/content-disposition/-/content-disposition-1.1.0.tgz 0ms (cache hit)
523 http cache body-parser@https://registry.npmjs.org/body-parser/-/body-parser-2.3.0.tgz 0ms (cache hit)
524 http cache accepts@https://registry.npmjs.org/accepts/-/accepts-2.0.0.tgz 0ms (cache hit)
525 http cache vary@https://registry.npmjs.org/vary/-/vary-1.1.2.tgz 0ms (cache hit)
526 http cache object-assign@https://registry.npmjs.org/object-assign/-/object-assign-4.1.1.tgz 0ms (cache hit)
527 http cache proxy-from-env@https://registry.npmjs.org/proxy-from-env/-/proxy-from-env-2.1.0.tgz 0ms (cache hit)
528 http cache https-proxy-agent@https://registry.npmjs.org/https-proxy-agent/-/https-proxy-agent-5.0.1.tgz 0ms (cache hit)
529 http cache form-data@https://registry.npmjs.org/form-data/-/form-data-4.0.6.tgz 0ms (cache hit)
530 http cache follow-redirects@https://registry.npmjs.org/follow-redirects/-/follow-redirects-1.16.1.tgz 0ms (cache hit)
531 http cache express@https://registry.npmjs.org/express/-/express-5.2.1.tgz 0ms (cache hit)
532 http cache cors@https://registry.npmjs.org/cors/-/cors-2.8.6.tgz 0ms (cache hit)
533 http cache axios@https://registry.npmjs.org/axios/-/axios-1.20.0.tgz 0ms (cache hit)
534 http cache content-type@https://registry.npmjs.org/content-type/-/content-type-2.1.0.tgz 0ms (cache hit)
535 http cache content-type@https://registry.npmjs.org/content-type/-/content-type-2.1.0.tgz 0ms (cache hit)
536 http cache content-type@https://registry.npmjs.org/content-type/-/content-type-2.1.0.tgz 0ms (cache hit)
537 http cache mime-db@https://registry.npmjs.org/mime-db/-/mime-db-1.52.0.tgz 0ms (cache hit)
538 http cache mime-types@https://registry.npmjs.org/mime-types/-/mime-types-2.1.35.tgz 0ms (cache hit)
539 silly tarball no local data for call-bound@https://registry.npmjs.org/call-bound/-/call-bound-1.0.4.tgz. Extracting by manifest.
540 silly tarball no local data for side-channel-weakmap@https://registry.npmjs.org/side-channel-weakmap/-/side-channel-weakmap-1.0.2.tgz. Extracting by manifest.
541 silly tarball no local data for media-typer@https://registry.npmjs.org/media-typer/-/media-typer-1.1.1.tgz. Extracting by manifest.
542 silly tarball no local data for side-channel-map@https://registry.npmjs.org/side-channel-map/-/side-channel-map-1.0.1.tgz. Extracting by manifest.
543 silly tarball no local data for object-inspect@https://registry.npmjs.org/object-inspect/-/object-inspect-1.13.4.tgz. Extracting by manifest.
544 silly tarball no local data for is-promise@https://registry.npmjs.org/is-promise/-/is-promise-4.0.0.tgz. Extracting by manifest.
545 silly tarball no local data for path-to-regexp@https://registry.npmjs.org/path-to-regexp/-/path-to-regexp-8.4.2.tgz. Extracting by manifest.
546 silly tarball no local data for unpipe@https://registry.npmjs.org/unpipe/-/unpipe-1.0.0.tgz. Extracting by manifest.
547 silly tarball no local data for side-channel@https://registry.npmjs.org/side-channel/-/side-channel-1.1.1.tgz. Extracting by manifest.
548 silly tarball no local data for ipaddr.js@https://registry.npmjs.org/ipaddr.js/-/ipaddr.js-1.9.1.tgz. Extracting by manifest.
549 silly tarball no local data for forwarded@https://registry.npmjs.org/forwarded/-/forwarded-0.2.0.tgz. Extracting by manifest.
550 silly tarball no local data for side-channel-list@https://registry.npmjs.org/side-channel-list/-/side-channel-list-1.0.1.tgz. Extracting by manifest.
551 silly tarball no local data for ee-first@https://registry.npmjs.org/ee-first/-/ee-first-1.1.1.tgz. Extracting by manifest.
552 silly tarball no local data for mime-db@https://registry.npmjs.org/mime-db/-/mime-db-1.54.0.tgz. Extracting by manifest.
553 silly tarball no local data for setprototypeof@https://registry.npmjs.org/setprototypeof/-/setprototypeof-1.2.0.tgz. Extracting by manifest.
554 silly tarball no local data for toidentifier@https://registry.npmjs.org/toidentifier/-/toidentifier-1.0.1.tgz. Extracting by manifest.
555 silly tarball no local data for raw-body@https://registry.npmjs.org/raw-body/-/raw-body-3.0.2.tgz. Extracting by manifest.
556 silly tarball no local data for iconv-lite@https://registry.npmjs.org/iconv-lite/-/iconv-lite-0.7.3.tgz. Extracting by manifest.
557 silly tarball no local data for bytes@https://registry.npmjs.org/bytes/-/bytes-3.1.2.tgz. Extracting by manifest.
558 silly tarball no local data for negotiator@https://registry.npmjs.org/negotiator/-/negotiator-1.1.0.tgz. Extracting by manifest.
559 silly tarball no local data for type-is@https://registry.npmjs.org/type-is/-/type-is-2.1.0.tgz. Extracting by manifest.
560 silly tarball no local data for statuses@https://registry.npmjs.org/statuses/-/statuses-2.0.2.tgz. Extracting by manifest.
561 silly tarball no local data for serve-static@https://registry.npmjs.org/serve-static/-/serve-static-2.2.1.tgz. Extracting by manifest.
562 silly tarball no local data for send@https://registry.npmjs.org/send/-/send-1.2.1.tgz. Extracting by manifest.
563 silly tarball no local data for router@https://registry.npmjs.org/router/-/router-2.2.0.tgz. Extracting by manifest.
564 silly tarball no local data for range-parser@https://registry.npmjs.org/range-parser/-/range-parser-1.3.0.tgz. Extracting by manifest.
565 silly tarball no local data for qs@https://registry.npmjs.org/qs/-/qs-6.16.0.tgz. Extracting by manifest.
566 silly tarball no local data for proxy-addr@https://registry.npmjs.org/proxy-addr/-/proxy-addr-2.0.8.tgz. Extracting by manifest.
567 silly tarball no local data for parseurl@https://registry.npmjs.org/parseurl/-/parseurl-1.3.3.tgz. Extracting by manifest.
568 silly tarball no local data for on-finished@https://registry.npmjs.org/on-finished/-/on-finished-2.4.1.tgz. Extracting by manifest.
569 silly tarball no local data for mime-types@https://registry.npmjs.org/mime-types/-/mime-types-3.0.2.tgz. Extracting by manifest.
570 silly tarball no local data for merge-descriptors@https://registry.npmjs.org/merge-descriptors/-/merge-descriptors-2.0.0.tgz. Extracting by manifest.
571 silly tarball no local data for http-errors@https://registry.npmjs.org/http-errors/-/http-errors-2.0.1.tgz. Extracting by manifest.
572 silly tarball no local data for fresh@https://registry.npmjs.org/fresh/-/fresh-2.0.0.tgz. Extracting by manifest.
573 silly tarball no local data for finalhandler@https://registry.npmjs.org/finalhandler/-/finalhandler-2.1.1.tgz. Extracting by manifest.
574 silly tarball no local data for etag@https://registry.npmjs.org/etag/-/etag-1.8.1.tgz. Extracting by manifest.
575 silly tarball no local data for encodeurl@https://registry.npmjs.org/encodeurl/-/encodeurl-2.0.0.tgz. Extracting by manifest.
576 silly tarball no local data for escape-html@https://registry.npmjs.org/escape-html/-/escape-html-1.0.3.tgz. Extracting by manifest.
577 silly tarball no local data for depd@https://registry.npmjs.org/depd/-/depd-2.0.0.tgz. Extracting by manifest.
578 silly tarball no local data for cookie-signature@https://registry.npmjs.org/cookie-signature/-/cookie-signature-1.2.2.tgz. Extracting by manifest.
579 silly tarball no local data for cookie@https://registry.npmjs.org/cookie/-/cookie-0.7.2.tgz. Extracting by manifest.
580 silly tarball no local data for content-type@https://registry.npmjs.org/content-type/-/content-type-1.0.5.tgz. Extracting by manifest.
581 silly tarball no local data for content-disposition@https://registry.npmjs.org/content-disposition/-/content-disposition-1.1.0.tgz. Extracting by manifest.
582 silly tarball no local data for body-parser@https://registry.npmjs.org/body-parser/-/body-parser-2.3.0.tgz. Extracting by manifest.
583 silly tarball no local data for accepts@https://registry.npmjs.org/accepts/-/accepts-2.0.0.tgz. Extracting by manifest.
584 silly tarball no local data for vary@https://registry.npmjs.org/vary/-/vary-1.1.2.tgz. Extracting by manifest.
585 silly tarball no local data for object-assign@https://registry.npmjs.org/object-assign/-/object-assign-4.1.1.tgz. Extracting by manifest.
586 silly tarball no local data for follow-redirects@https://registry.npmjs.org/follow-redirects/-/follow-redirects-1.16.1.tgz. Extracting by manifest.
587 silly tarball no local data for express@https://registry.npmjs.org/express/-/express-5.2.1.tgz. Extracting by manifest.
588 silly tarball no local data for cors@https://registry.npmjs.org/cors/-/cors-2.8.6.tgz. Extracting by manifest.
589 http fetch GET 200 https://registry.npmjs.org/is-promise/-/is-promise-4.0.0.tgz 1253ms (cache miss)
590 http fetch GET 200 https://registry.npmjs.org/media-typer/-/media-typer-1.1.1.tgz 1315ms (cache miss)
591 http fetch GET 200 https://registry.npmjs.org/path-to-regexp/-/path-to-regexp-8.4.2.tgz 1304ms (cache miss)
592 http fetch GET 200 https://registry.npmjs.org/call-bound/-/call-bound-1.0.4.tgz 1353ms (cache miss)
593 http fetch GET 200 https://registry.npmjs.org/side-channel-weakmap/-/side-channel-weakmap-1.0.2.tgz 1351ms (cache miss)
594 http fetch GET 200 https://registry.npmjs.org/side-channel-map/-/side-channel-map-1.0.1.tgz 1346ms (cache miss)
595 http fetch GET 200 https://registry.npmjs.org/toidentifier/-/toidentifier-1.0.1.tgz 1349ms (cache miss)
596 http fetch GET 200 https://registry.npmjs.org/bytes/-/bytes-3.1.2.tgz 1338ms (cache miss)
597 http fetch GET 200 https://registry.npmjs.org/raw-body/-/raw-body-3.0.2.tgz 1415ms (cache miss)
598 http fetch GET 200 https://registry.npmjs.org/type-is/-/type-is-2.1.0.tgz 1402ms (cache miss)
599 http fetch GET 200 https://registry.npmjs.org/negotiator/-/negotiator-1.1.0.tgz 1710ms (cache miss)
600 http fetch GET 200 https://registry.npmjs.org/serve-static/-/serve-static-2.2.1.tgz 1871ms (cache miss)
601 http fetch GET 200 https://registry.npmjs.org/statuses/-/statuses-2.0.2.tgz 1898ms (cache miss)
602 http fetch GET 200 https://registry.npmjs.org/router/-/router-2.2.0.tgz 1887ms (cache miss)
603 http fetch GET 200 https://registry.npmjs.org/range-parser/-/range-parser-1.3.0.tgz 1906ms (cache miss)
604 http fetch GET 200 https://registry.npmjs.org/send/-/send-1.2.1.tgz 1936ms (cache miss)
605 http fetch GET 200 https://registry.npmjs.org/proxy-addr/-/proxy-addr-2.0.8.tgz 1954ms (cache miss)
606 http fetch GET 200 https://registry.npmjs.org/on-finished/-/on-finished-2.4.1.tgz 1960ms (cache miss)
607 http fetch GET 200 https://registry.npmjs.org/http-errors/-/http-errors-2.0.1.tgz 1951ms (cache miss)
608 http fetch GET 200 https://registry.npmjs.org/merge-descriptors/-/merge-descriptors-2.0.0.tgz 1957ms (cache miss)
609 http fetch GET 200 https://registry.npmjs.org/unpipe/-/unpipe-1.0.0.tgz 2072ms (cache miss)
610 http fetch GET 200 https://registry.npmjs.org/mime-types/-/mime-types-3.0.2.tgz 1975ms (cache miss)
611 http fetch GET 200 https://registry.npmjs.org/parseurl/-/parseurl-1.3.3.tgz 1984ms (cache miss)
612 http fetch GET 200 https://registry.npmjs.org/fresh/-/fresh-2.0.0.tgz 1967ms (cache miss)
613 http fetch GET 200 https://registry.npmjs.org/forwarded/-/forwarded-0.2.0.tgz 2079ms (cache miss)
614 http fetch GET 200 https://registry.npmjs.org/encodeurl/-/encodeurl-2.0.0.tgz 1986ms (cache miss)
615 http fetch GET 200 https://registry.npmjs.org/cookie-signature/-/cookie-signature-1.2.2.tgz 1977ms (cache miss)
616 http fetch GET 200 https://registry.npmjs.org/setprototypeof/-/setprototypeof-1.2.0.tgz 2091ms (cache miss)
617 http fetch GET 200 https://registry.npmjs.org/etag/-/etag-1.8.1.tgz 2006ms (cache miss)
618 http fetch GET 200 https://registry.npmjs.org/escape-html/-/escape-html-1.0.3.tgz 2010ms (cache miss)
619 http fetch GET 200 https://registry.npmjs.org/depd/-/depd-2.0.0.tgz 2010ms (cache miss)
620 http fetch GET 200 https://registry.npmjs.org/content-type/-/content-type-1.0.5.tgz 2001ms (cache miss)
621 http fetch GET 200 https://registry.npmjs.org/cookie/-/cookie-0.7.2.tgz 2014ms (cache miss)
622 http fetch GET 200 https://registry.npmjs.org/ee-first/-/ee-first-1.1.1.tgz 2141ms (cache miss)
623 http fetch GET 200 https://registry.npmjs.org/object-assign/-/object-assign-4.1.1.tgz 2008ms (cache miss)
624 http fetch GET 200 https://registry.npmjs.org/cors/-/cors-2.8.6.tgz 1997ms (cache miss)
625 http fetch GET 200 https://registry.npmjs.org/accepts/-/accepts-2.0.0.tgz 2030ms (cache miss)
626 http fetch GET 200 https://registry.npmjs.org/finalhandler/-/finalhandler-2.1.1.tgz 2070ms (cache miss)
627 http fetch GET 200 https://registry.npmjs.org/content-disposition/-/content-disposition-1.1.0.tgz 2051ms (cache miss)
628 http fetch GET 200 https://registry.npmjs.org/vary/-/vary-1.1.2.tgz 2043ms (cache miss)
629 http fetch GET 200 https://registry.npmjs.org/side-channel/-/side-channel-1.1.1.tgz 2200ms (cache miss)
630 http fetch GET 200 https://registry.npmjs.org/side-channel-list/-/side-channel-list-1.0.1.tgz 2197ms (cache miss)
631 http fetch GET 200 https://registry.npmjs.org/express/-/express-5.2.1.tgz 2065ms (cache miss)
632 http fetch GET 200 https://registry.npmjs.org/ipaddr.js/-/ipaddr.js-1.9.1.tgz 2228ms (cache miss)
633 http fetch GET 200 https://registry.npmjs.org/follow-redirects/-/follow-redirects-1.16.1.tgz 2077ms (cache miss)
634 http fetch GET 200 https://registry.npmjs.org/body-parser/-/body-parser-2.3.0.tgz 2096ms (cache miss)
635 http fetch GET 200 https://registry.npmjs.org/mime-db/-/mime-db-1.54.0.tgz 2228ms (cache miss)
636 http fetch GET 200 https://registry.npmjs.org/qs/-/qs-6.16.0.tgz 2220ms (cache miss)
637 http fetch GET 200 https://registry.npmjs.org/object-inspect/-/object-inspect-1.13.4.tgz 2351ms (cache miss)
638 http fetch GET 200 https://registry.npmjs.org/iconv-lite/-/iconv-lite-0.7.3.tgz 2309ms (cache miss)
639 silly ADD node_modules/media-typer
640 silly ADD node_modules/call-bound
641 silly ADD node_modules/side-channel-weakmap
642 silly ADD node_modules/side-channel-map
643 silly ADD node_modules/side-channel-list
644 silly ADD node_modules/object-inspect
645 silly ADD node_modules/path-to-regexp
646 silly ADD node_modules/is-promise
647 silly ADD node_modules/unpipe
648 silly ADD node_modules/side-channel
649 silly ADD node_modules/ipaddr.js
650 silly ADD node_modules/forwarded
651 silly ADD node_modules/wrappy
652 silly ADD node_modules/ee-first
653 silly ADD node_modules/mime-db
654 silly ADD node_modules/safer-buffer
655 silly ADD node_modules/agent-base
656 silly ADD node_modules/toidentifier
657 silly ADD node_modules/setprototypeof
658 silly ADD node_modules/inherits
659 silly ADD node_modules/dunder-proto
660 silly ADD node_modules/math-intrinsics
661 silly ADD node_modules/has-symbols
662 silly ADD node_modules/gopd
663 silly ADD node_modules/get-proto
664 silly ADD node_modules/function-bind
665 silly ADD node_modules/es-object-atoms
666 silly ADD node_modules/es-define-property
667 silly ADD node_modules/call-bind-apply-helpers
668 silly ADD node_modules/has-tostringtag
669 silly ADD node_modules/get-intrinsic
670 silly ADD node_modules/es-errors
671 silly ADD node_modules/delayed-stream
672 silly ADD node_modules/hasown
673 silly ADD node_modules/es-set-tostringtag
674 silly ADD node_modules/combined-stream
675 silly ADD node_modules/asynckit
676 silly ADD node_modules/ms
677 silly ADD node_modules/raw-body
678 silly ADD node_modules/iconv-lite
679 silly ADD node_modules/bytes
680 silly ADD node_modules/negotiator
681 silly ADD node_modules/negotiator/node_modules/content-type
682 silly ADD node_modules/type-is
683 silly ADD node_modules/type-is/node_modules/content-type
684 silly ADD node_modules/statuses
685 silly ADD node_modules/serve-static
686 silly ADD node_modules/send
687 silly ADD node_modules/router
688 silly ADD node_modules/range-parser
689 silly ADD node_modules/qs
690 silly ADD node_modules/proxy-addr
691 silly ADD node_modules/parseurl
692 silly ADD node_modules/once
693 silly ADD node_modules/on-finished
694 silly ADD node_modules/mime-types
695 silly ADD node_modules/merge-descriptors
696 silly ADD node_modules/http-errors
697 silly ADD node_modules/fresh
698 silly ADD node_modules/finalhandler
699 silly ADD node_modules/etag
700 silly ADD node_modules/escape-html
701 silly ADD node_modules/encodeurl
702 silly ADD node_modules/depd
703 silly ADD node_modules/debug
704 silly ADD node_modules/cookie-signature
705 silly ADD node_modules/cookie
706 silly ADD node_modules/content-type
707 silly ADD node_modules/content-disposition
708 silly ADD node_modules/body-parser
709 silly ADD node_modules/body-parser/node_modules/content-type
710 silly ADD node_modules/accepts
711 silly ADD node_modules/vary
712 silly ADD node_modules/object-assign
713 silly ADD node_modules/proxy-from-env
714 silly ADD node_modules/https-proxy-agent
715 silly ADD node_modules/form-data
716 silly ADD node_modules/form-data/node_modules/mime-db
717 silly ADD node_modules/form-data/node_modules/mime-types
718 silly ADD node_modules/follow-redirects
719 silly ADD node_modules/express
720 silly ADD node_modules/cors
721 silly ADD node_modules/axios
722 verbose cwd /data/data/com.termux/files/home
723 verbose os Linux 6.6.118-android15-8-g0b9c3bf6db7f-ab14877662-4k
724 verbose node v26.3.1
725 verbose npm  v11.17.0
726 notice
726 notice New [31mmajor[39m version of npm available! [31m11.17.0[39m -> [34m12.2.0[39m
726 notice Changelog: [34mhttps://github.com/npm/cli/releases/tag/v12.2.0[39m
726 notice To update run: [4mnpm install -g npm@12.2.0[24m
726 notice  { force: true, Symbol(proc-log.meta): true }
727 verbose exit 0
728 info ok
